2026-07-10 23:10:39,248 [INFO] 实验模式: 快速 (200回合×3种子)
2026-07-10 23:10:39,248 [INFO] 预计耗时: 约 60s (规模实验) + 120s (消融)
2026-07-10 23:10:39,248 [INFO] ============================================================
2026-07-10 23:10:39,249 [INFO] 步骤: 多智能体规模实验
2026-07-10 23:10:39,249 [INFO] ============================================================
2026-07-10 23:10:39,249 [INFO] 运行多智能体规模实验...
Traceback (most recent call last):
  File "E:\Program\MARL\【CCF】区块链AI协同：面向MARL的共识机制\marl-ecdsa-consensus-chain\run_experiment_pipeline.py", line 214, in <module>
    main()
    ~~~~^^
  File "E:\Program\MARL\【CCF】区块链AI协同：面向MARL的共识机制\marl-ecdsa-consensus-chain\run_experiment_pipeline.py", line 197, in main
    scale_output = step("多智能体规模实验", run_scale_experiment, episodes, seeds)
                   ~~~~^^^^^^^^^^^^^^^^^^^^^^^^^^^^^^^^^^^^^^^^^^^^^^^^^^^^^^^^^^^
  File "E:\Program\MARL\【CCF】区块链AI协同：面向MARL的共识机制\marl-ecdsa-consensus-chain\run_experiment_pipeline.py", line 34, in step
    result = func(*args, **kwargs)
  File "E:\Program\MARL\【CCF】区块链AI协同：面向MARL的共识机制\marl-ecdsa-consensus-chain\run_experiment_pipeline.py", line 45, in run_scale_experiment
    class Args:
    ...<5 lines>...
        output = f'results/scale_experiment_{episodes}ep.json'
  File "E:\Program\MARL\【CCF】区块链AI协同：面向MARL的共识机制\marl-ecdsa-consensus-chain\run_experiment_pipeline.py", line 47, in Args
    episodes = episodes
               ^^^^^^^^
NameError: name 'episodes' is not defined
